Performing C SOURCE FILE Test CMAKE_HAVE_LIBC_PTHREAD failed with the following output:
Change Dir: /home/ryuzuu/SlamProject/build/navfn/CMakeFiles/CMakeTmp

Run Build Command(s):/usr/bin/make cmTC_42a93/fast && /usr/bin/make -f CMakeFiles/cmTC_42a93.dir/build.make CMakeFiles/cmTC_42a93.dir/build
make[1]: Entering directory '/home/ryuzuu/SlamProject/build/navfn/CMakeFiles/CMakeTmp'
Building C object CMakeFiles/cmTC_42a93.dir/src.c.o
/usr/bin/cc   -DCMAKE_HAVE_LIBC_PTHREAD   -o CMakeFiles/cmTC_42a93.dir/src.c.o   -c /home/ryuzuu/SlamProject/build/navfn/CMakeFiles/CMakeTmp/src.c
Linking C executable cmTC_42a93
/usr/bin/cmake -E cmake_link_script CMakeFiles/cmTC_42a93.dir/link.txt --verbose=1
/usr/bin/cc  -DCMAKE_HAVE_LIBC_PTHREAD    -rdynamic CMakeFiles/cmTC_42a93.dir/src.c.o  -o cmTC_42a93 
/usr/bin/ld: CMakeFiles/cmTC_42a93.dir/src.c.o: in function `main':
src.c:(.text+0x46): undefined reference to `pthread_create'
/usr/bin/ld: src.c:(.text+0x52): undefined reference to `pthread_detach'
/usr/bin/ld: src.c:(.text+0x63): undefined reference to `pthread_join'
collect2: error: ld returned 1 exit status
make[1]: *** [CMakeFiles/cmTC_42a93.dir/build.make:87: cmTC_42a93] Error 1
make[1]: Leaving directory '/home/ryuzuu/SlamProject/build/navfn/CMakeFiles/CMakeTmp'
make: *** [Makefile:121: cmTC_42a93/fast] Error 2


Source file was:
#include <pthread.h>

void* test_func(void* data)
{
  return data;
}

int main(void)
{
  pthread_t thread;
  pthread_create(&thread, NULL, test_func, NULL);
  pthread_detach(thread);
  pthread_join(thread, NULL);
  pthread_atfork(NULL, NULL, NULL);
  pthread_exit(NULL);

  return 0;
}

Determining if the function pthread_create exists in the pthreads failed with the following output:
Change Dir: /home/ryuzuu/SlamProject/build/navfn/CMakeFiles/CMakeTmp

Run Build Command(s):/usr/bin/make cmTC_c45ae/fast && /usr/bin/make -f CMakeFiles/cmTC_c45ae.dir/build.make CMakeFiles/cmTC_c45ae.dir/build
make[1]: Entering directory '/home/ryuzuu/SlamProject/build/navfn/CMakeFiles/CMakeTmp'
Building C object CMakeFiles/cmTC_c45ae.dir/CheckFunctionExists.c.o
/usr/bin/cc   -DCHECK_FUNCTION_EXISTS=pthread_create   -o CMakeFiles/cmTC_c45ae.dir/CheckFunctionExists.c.o   -c /usr/share/cmake-3.16/Modules/CheckFunctionExists.c
Linking C executable cmTC_c45ae
/usr/bin/cmake -E cmake_link_script CMakeFiles/cmTC_c45ae.dir/link.txt --verbose=1
/usr/bin/cc  -DCHECK_FUNCTION_EXISTS=pthread_create    -rdynamic CMakeFiles/cmTC_c45ae.dir/CheckFunctionExists.c.o  -o cmTC_c45ae  -lpthreads 
/usr/bin/ld: cannot find -lpthreads
collect2: error: ld returned 1 exit status
make[1]: *** [CMakeFiles/cmTC_c45ae.dir/build.make:87: cmTC_c45ae] Error 1
make[1]: Leaving directory '/home/ryuzuu/SlamProject/build/navfn/CMakeFiles/CMakeTmp'
make: *** [Makefile:121: cmTC_c45ae/fast] Error 2



Determining if the include file pgm.h exists failed with the following output:
Change Dir: /home/ryuzuu/SlamProject/build/navfn/CMakeFiles/CMakeTmp

Run Build Command(s):/usr/bin/make cmTC_d8ddb/fast && /usr/bin/make -f CMakeFiles/cmTC_d8ddb.dir/build.make CMakeFiles/cmTC_d8ddb.dir/build
make[1]: Entering directory '/home/ryuzuu/SlamProject/build/navfn/CMakeFiles/CMakeTmp'
Building CXX object CMakeFiles/cmTC_d8ddb.dir/CheckIncludeFile.cxx.o
/usr/bin/c++     -o CMakeFiles/cmTC_d8ddb.dir/CheckIncludeFile.cxx.o -c /home/ryuzuu/SlamProject/build/navfn/CMakeFiles/CMakeTmp/CheckIncludeFile.cxx
/home/ryuzuu/SlamProject/build/navfn/CMakeFiles/CMakeTmp/CheckIncludeFile.cxx:1:10: fatal error: pgm.h: No such file or directory
    1 | #include <pgm.h>
      |          ^~~~~~~
compilation terminated.
make[1]: *** [CMakeFiles/cmTC_d8ddb.dir/build.make:66: CMakeFiles/cmTC_d8ddb.dir/CheckIncludeFile.cxx.o] Error 1
make[1]: Leaving directory '/home/ryuzuu/SlamProject/build/navfn/CMakeFiles/CMakeTmp'
make: *** [Makefile:121: cmTC_d8ddb/fast] Error 2



