Symlinking /home/ryuzuu/SlamProject/devel/lib/libcostmap_2d.so
Symlinking /home/ryuzuu/SlamProject/devel/lib/liblayers.so
Symlinking /home/ryuzuu/SlamProject/devel/lib/pkgconfig/costmap_2d.pc
Symlinking /home/ryuzuu/SlamProject/devel/lib/python3/dist-packages/costmap_2d/__init__.py
Symlinking /home/ryuzuu/SlamProject/devel/lib/python3/dist-packages/costmap_2d/msg/_VoxelGrid.py
Symlinking /home/ryuzuu/SlamProject/devel/lib/python3/dist-packages/costmap_2d/msg/__init__.py
Symlinking /home/ryuzuu/SlamProject/devel/lib/python3/dist-packages/costmap_2d/cfg/Costmap2DConfig.py
Symlinking /home/ryuzuu/SlamProject/devel/lib/python3/dist-packages/costmap_2d/cfg/InflationPluginConfig.py
Symlinking /home/ryuzuu/SlamProject/devel/lib/python3/dist-packages/costmap_2d/cfg/VoxelPluginConfig.py
Symlinking /home/ryuzuu/SlamProject/devel/lib/python3/dist-packages/costmap_2d/cfg/GenericPluginConfig.py
Symlinking /home/ryuzuu/SlamProject/devel/lib/python3/dist-packages/costmap_2d/cfg/__init__.py
Symlinking /home/ryuzuu/SlamProject/devel/lib/python3/dist-packages/costmap_2d/cfg/ObstaclePluginConfig.py
Symlinking /home/ryuzuu/SlamProject/devel/lib/costmap_2d/costmap_2d_node
Symlinking /home/ryuzuu/SlamProject/devel/lib/costmap_2d/costmap_2d_markers
Symlinking /home/ryuzuu/SlamProject/devel/lib/costmap_2d/costmap_2d_cloud
Symlinking /home/ryuzuu/SlamProject/devel/share/common-lisp/ros/costmap_2d/msg/VoxelGrid.lisp
Symlinking /home/ryuzuu/SlamProject/devel/share/common-lisp/ros/costmap_2d/msg/_package.lisp
Symlinking /home/ryuzuu/SlamProject/devel/share/common-lisp/ros/costmap_2d/msg/_package_VoxelGrid.lisp
Symlinking /home/ryuzuu/SlamProject/devel/share/common-lisp/ros/costmap_2d/msg/costmap_2d-msg.asd
Symlinking /home/ryuzuu/SlamProject/devel/share/gennodejs/ros/costmap_2d/_index.js
Symlinking /home/ryuzuu/SlamProject/devel/share/gennodejs/ros/costmap_2d/msg/_index.js
Symlinking /home/ryuzuu/SlamProject/devel/share/gennodejs/ros/costmap_2d/msg/VoxelGrid.js
Symlinking /home/ryuzuu/SlamProject/devel/share/roseus/ros/costmap_2d/manifest.l
Symlinking /home/ryuzuu/SlamProject/devel/share/roseus/ros/costmap_2d/msg/VoxelGrid.l
Symlinking /home/ryuzuu/SlamProject/devel/share/costmap_2d/docs/InflationPluginConfig.wikidoc
Symlinking /home/ryuzuu/SlamProject/devel/share/costmap_2d/docs/GenericPluginConfig-usage.dox
Symlinking /home/ryuzuu/SlamProject/devel/share/costmap_2d/docs/ObstaclePluginConfig-usage.dox
Symlinking /home/ryuzuu/SlamProject/devel/share/costmap_2d/docs/Costmap2DConfig-usage.dox
Symlinking /home/ryuzuu/SlamProject/devel/share/costmap_2d/docs/VoxelPluginConfig-usage.dox
Symlinking /home/ryuzuu/SlamProject/devel/share/costmap_2d/docs/Costmap2DConfig.dox
Symlinking /home/ryuzuu/SlamProject/devel/share/costmap_2d/docs/InflationPluginConfig-usage.dox
Symlinking /home/ryuzuu/SlamProject/devel/share/costmap_2d/docs/VoxelPluginConfig.dox
Symlinking /home/ryuzuu/SlamProject/devel/share/costmap_2d/docs/InflationPluginConfig.dox
Symlinking /home/ryuzuu/SlamProject/devel/share/costmap_2d/docs/Costmap2DConfig.wikidoc
Symlinking /home/ryuzuu/SlamProject/devel/share/costmap_2d/docs/GenericPluginConfig.dox
Symlinking /home/ryuzuu/SlamProject/devel/share/costmap_2d/docs/GenericPluginConfig.wikidoc
Symlinking /home/ryuzuu/SlamProject/devel/share/costmap_2d/docs/VoxelPluginConfig.wikidoc
Symlinking /home/ryuzuu/SlamProject/devel/share/costmap_2d/docs/ObstaclePluginConfig.dox
Symlinking /home/ryuzuu/SlamProject/devel/share/costmap_2d/docs/ObstaclePluginConfig.wikidoc
Symlinking /home/ryuzuu/SlamProject/devel/share/costmap_2d/cmake/costmap_2dConfig.cmake
Symlinking /home/ryuzuu/SlamProject/devel/share/costmap_2d/cmake/costmap_2dConfig-version.cmake
Symlinking /home/ryuzuu/SlamProject/devel/share/costmap_2d/cmake/costmap_2d-msg-extras.cmake
Symlinking /home/ryuzuu/SlamProject/devel/share/costmap_2d/cmake/costmap_2d-msg-paths.cmake
Symlinking /home/ryuzuu/SlamProject/devel/include/costmap_2d/GenericPluginConfig.h
Symlinking /home/ryuzuu/SlamProject/devel/include/costmap_2d/InflationPluginConfig.h
Symlinking /home/ryuzuu/SlamProject/devel/include/costmap_2d/ObstaclePluginConfig.h
Symlinking /home/ryuzuu/SlamProject/devel/include/costmap_2d/VoxelGrid.h
Symlinking /home/ryuzuu/SlamProject/devel/include/costmap_2d/VoxelPluginConfig.h
Symlinking /home/ryuzuu/SlamProject/devel/include/costmap_2d/Costmap2DConfig.h
