Symlinking /home/ryuzuu/SlamProject/devel/lib/pkgconfig/ros_autonomous_slam.pc
Symlinking /home/ryuzuu/SlamProject/devel/lib/ros_autonomous_slam/global_rrt_detector
Symlinking /home/ryuzuu/SlamProject/devel/lib/ros_autonomous_slam/local_rrt_detector
Symlinking /home/ryuzuu/SlamProject/devel/lib/python3/dist-packages/ros_autonomous_slam/__init__.py
Symlinking /home/ryuzuu/SlamProject/devel/lib/python3/dist-packages/ros_autonomous_slam/msg/__init__.py
Symlinking /home/ryuzuu/SlamProject/devel/lib/python3/dist-packages/ros_autonomous_slam/msg/_PointArray.py
Symlinking /home/ryuzuu/SlamProject/devel/share/common-lisp/ros/ros_autonomous_slam/msg/_package.lisp
Symlinking /home/ryuzuu/SlamProject/devel/share/common-lisp/ros/ros_autonomous_slam/msg/PointArray.lisp
Symlinking /home/ryuzuu/SlamProject/devel/share/common-lisp/ros/ros_autonomous_slam/msg/_package_PointArray.lisp
Symlinking /home/ryuzuu/SlamProject/devel/share/common-lisp/ros/ros_autonomous_slam/msg/ros_autonomous_slam-msg.asd
Symlinking /home/ryuzuu/SlamProject/devel/share/ros_autonomous_slam/cmake/ros_autonomous_slamConfig.cmake
Symlinking /home/ryuzuu/SlamProject/devel/share/ros_autonomous_slam/cmake/ros_autonomous_slam-msg-extras.cmake
Symlinking /home/ryuzuu/SlamProject/devel/share/ros_autonomous_slam/cmake/ros_autonomous_slam-msg-paths.cmake
Symlinking /home/ryuzuu/SlamProject/devel/share/ros_autonomous_slam/cmake/ros_autonomous_slamConfig-version.cmake
Symlinking /home/ryuzuu/SlamProject/devel/share/gennodejs/ros/ros_autonomous_slam/_index.js
Symlinking /home/ryuzuu/SlamProject/devel/share/gennodejs/ros/ros_autonomous_slam/msg/PointArray.js
Symlinking /home/ryuzuu/SlamProject/devel/share/gennodejs/ros/ros_autonomous_slam/msg/_index.js
Symlinking /home/ryuzuu/SlamProject/devel/share/roseus/ros/ros_autonomous_slam/manifest.l
Symlinking /home/ryuzuu/SlamProject/devel/share/roseus/ros/ros_autonomous_slam/msg/PointArray.l
Symlinking /home/ryuzuu/SlamProject/devel/include/ros_autonomous_slam/PointArray.h
