[35m[1mScanning dependencies of target local_rrt_detector[0m
[  6%] [32mBuilding CXX object CMakeFiles/local_rrt_detector.dir/src/local_rrt_detector.cpp.o[0m
[35m[1mScanning dependencies of target std_msgs_generate_messages_lisp[0m
[  6%] Built target std_msgs_generate_messages_lisp
[35m[1mScanning dependencies of target _ros_autonomous_slam_generate_messages_check_deps_PointArray[0m
[  6%] Built target _ros_autonomous_slam_generate_messages_check_deps_PointArray
[35m[1mScanning dependencies of target geometry_msgs_generate_messages_lisp[0m
[  6%] Built target geometry_msgs_generate_messages_lisp
[35m[1mScanning dependencies of target geometry_msgs_generate_messages_nodejs[0m
[  6%] Built target geometry_msgs_generate_messages_nodejs
[35m[1mScanning dependencies of target std_msgs_generate_messages_nodejs[0m
[  6%] Built target std_msgs_generate_messages_nodejs
[35m[1mScanning dependencies of target std_msgs_generate_messages_eus[0m
[  6%] Built target std_msgs_generate_messages_eus
[35m[1mScanning dependencies of target geometry_msgs_generate_messages_eus[0m
[  6%] Built target geometry_msgs_generate_messages_eus
[35m[1mScanning dependencies of target std_msgs_generate_messages_cpp[0m
[35m[1mScanning dependencies of target geometry_msgs_generate_messages_cpp[0m
[  6%] Built target std_msgs_generate_messages_cpp
[  6%] Built target geometry_msgs_generate_messages_cpp
[35m[1mScanning dependencies of target geometry_msgs_generate_messages_py[0m
[35m[1mScanning dependencies of target std_msgs_generate_messages_py[0m
[  6%] Built target geometry_msgs_generate_messages_py
[  6%] Built target std_msgs_generate_messages_py
[35m[1mScanning dependencies of target global_rrt_detector[0m
[ 13%] [32mBuilding CXX object CMakeFiles/local_rrt_detector.dir/src/functions.cpp.o[0m
[ 20%] [32mBuilding CXX object CMakeFiles/global_rrt_detector.dir/src/global_rrt_detector.cpp.o[0m
[ 26%] [32mBuilding CXX object CMakeFiles/global_rrt_detector.dir/src/functions.cpp.o[0m
[ 33%] [32mBuilding CXX object CMakeFiles/global_rrt_detector.dir/src/mtrand.cpp.o[0m
[ 40%] [32mBuilding CXX object CMakeFiles/local_rrt_detector.dir/src/mtrand.cpp.o[0m
[ 46%] [32m[1mLinking CXX executable /home/ryuzuu/SlamProject/devel/.private/ros_autonomous_slam/lib/ros_autonomous_slam/local_rrt_detector[0m
[ 46%] Built target local_rrt_detector
[35m[1mScanning dependencies of target ros_autonomous_slam_generate_messages_eus[0m
[35m[1mScanning dependencies of target ros_autonomous_slam_generate_messages_cpp[0m
[35m[1mScanning dependencies of target ros_autonomous_slam_generate_messages_nodejs[0m
[35m[1mScanning dependencies of target ros_autonomous_slam_generate_messages_lisp[0m
[35m[1mScanning dependencies of target ros_autonomous_slam_generate_messages_py[0m
[ 53%] [34m[1mGenerating C++ code from ros_autonomous_slam/PointArray.msg[0m
[ 60%] [34m[1mGenerating EusLisp code from ros_autonomous_slam/PointArray.msg[0m
[ 66%] [34m[1mGenerating Lisp code from ros_autonomous_slam/PointArray.msg[0m
[ 73%] [34m[1mGenerating Javascript code from ros_autonomous_slam/PointArray.msg[0m
[ 80%] [34m[1mGenerating Python from MSG ros_autonomous_slam/PointArray[0m
[ 86%] [32m[1mLinking CXX executable /home/ryuzuu/SlamProject/devel/.private/ros_autonomous_slam/lib/ros_autonomous_slam/global_rrt_detector[0m
[ 86%] Built target ros_autonomous_slam_generate_messages_nodejs
[ 86%] Built target ros_autonomous_slam_generate_messages_lisp
[ 93%] [34m[1mGenerating EusLisp manifest code for ros_autonomous_slam[0m
[ 93%] Built target ros_autonomous_slam_generate_messages_cpp
[ 93%] Built target global_rrt_detector
[100%] [34m[1mGenerating Python msg __init__.py for ros_autonomous_slam[0m
[100%] Built target ros_autonomous_slam_generate_messages_py
[100%] Built target ros_autonomous_slam_generate_messages_eus
[35m[1mScanning dependencies of target ros_autonomous_slam_generate_messages[0m
[100%] Built target ros_autonomous_slam_generate_messages
