Symlinking /home/ryuzuu/SlamProject/devel/lib/libnavfn.so
Symlinking /home/ryuzuu/SlamProject/devel/lib/pkgconfig/navfn.pc
Symlinking /home/ryuzuu/SlamProject/devel/lib/navfn/navfn_node
Symlinking /home/ryuzuu/SlamProject/devel/lib/python3/dist-packages/navfn/__init__.py
Symlinking /home/ryuzuu/SlamProject/devel/lib/python3/dist-packages/navfn/srv/_MakeNavPlan.py
Symlinking /home/ryuzuu/SlamProject/devel/lib/python3/dist-packages/navfn/srv/__init__.py
Symlinking /home/ryuzuu/SlamProject/devel/lib/python3/dist-packages/navfn/srv/_SetCostmap.py
Symlinking /home/ryuzuu/SlamProject/devel/share/common-lisp/ros/navfn/srv/_package.lisp
Symlinking /home/ryuzuu/SlamProject/devel/share/common-lisp/ros/navfn/srv/_package_SetCostmap.lisp
Symlinking /home/ryuzuu/SlamProject/devel/share/common-lisp/ros/navfn/srv/_package_MakeNavPlan.lisp
Symlinking /home/ryuzuu/SlamProject/devel/share/common-lisp/ros/navfn/srv/navfn-srv.asd
Symlinking /home/ryuzuu/SlamProject/devel/share/common-lisp/ros/navfn/srv/MakeNavPlan.lisp
Symlinking /home/ryuzuu/SlamProject/devel/share/common-lisp/ros/navfn/srv/SetCostmap.lisp
Symlinking /home/ryuzuu/SlamProject/devel/share/gennodejs/ros/navfn/_index.js
Symlinking /home/ryuzuu/SlamProject/devel/share/gennodejs/ros/navfn/srv/_index.js
Symlinking /home/ryuzuu/SlamProject/devel/share/gennodejs/ros/navfn/srv/SetCostmap.js
Symlinking /home/ryuzuu/SlamProject/devel/share/gennodejs/ros/navfn/srv/MakeNavPlan.js
Symlinking /home/ryuzuu/SlamProject/devel/share/roseus/ros/navfn/manifest.l
Symlinking /home/ryuzuu/SlamProject/devel/share/roseus/ros/navfn/srv/MakeNavPlan.l
Symlinking /home/ryuzuu/SlamProject/devel/share/roseus/ros/navfn/srv/SetCostmap.l
Symlinking /home/ryuzuu/SlamProject/devel/share/navfn/cmake/navfn-msg-paths.cmake
Symlinking /home/ryuzuu/SlamProject/devel/share/navfn/cmake/navfn-msg-extras.cmake
Symlinking /home/ryuzuu/SlamProject/devel/share/navfn/cmake/navfnConfig-version.cmake
Symlinking /home/ryuzuu/SlamProject/devel/share/navfn/cmake/navfnConfig.cmake
Symlinking /home/ryuzuu/SlamProject/devel/include/navfn/MakeNavPlanRequest.h
Symlinking /home/ryuzuu/SlamProject/devel/include/navfn/MakeNavPlanResponse.h
Symlinking /home/ryuzuu/SlamProject/devel/include/navfn/MakeNavPlan.h
Symlinking /home/ryuzuu/SlamProject/devel/include/navfn/SetCostmapRequest.h
Symlinking /home/ryuzuu/SlamProject/devel/include/navfn/SetCostmapResponse.h
Symlinking /home/ryuzuu/SlamProject/devel/include/navfn/SetCostmap.h
