Linked: (/home/ryuzuu/SlamProject/devel/.private/turtlebot3_example/lib/pkgconfig/turtlebot3_example.pc, /home/ryuzuu/SlamProject/devel/lib/pkgconfig/turtlebot3_example.pc)
Linked: (/home/ryuzuu/SlamProject/devel/.private/turtlebot3_example/lib/python3/dist-packages/turtlebot3_example/__init__.py, /home/ryuzuu/SlamProject/devel/lib/python3/dist-packages/turtlebot3_example/__init__.py)
Linked: (/home/ryuzuu/SlamProject/devel/.private/turtlebot3_example/lib/python3/dist-packages/turtlebot3_example/msg/_Turtlebot3ActionFeedback.py, /home/ryuzuu/SlamProject/devel/lib/python3/dist-packages/turtlebot3_example/msg/_Turtlebot3ActionFeedback.py)
Linked: (/home/ryuzuu/SlamProject/devel/.private/turtlebot3_example/lib/python3/dist-packages/turtlebot3_example/msg/_Turtlebot3ActionGoal.py, /home/ryuzuu/SlamProject/devel/lib/python3/dist-packages/turtlebot3_example/msg/_Turtlebot3ActionGoal.py)
Linked: (/home/ryuzuu/SlamProject/devel/.private/turtlebot3_example/lib/python3/dist-packages/turtlebot3_example/msg/_Turtlebot3Action.py, /home/ryuzuu/SlamProject/devel/lib/python3/dist-packages/turtlebot3_example/msg/_Turtlebot3Action.py)
Linked: (/home/ryuzuu/SlamProject/devel/.private/turtlebot3_example/lib/python3/dist-packages/turtlebot3_example/msg/_Turtlebot3Result.py, /home/ryuzuu/SlamProject/devel/lib/python3/dist-packages/turtlebot3_example/msg/_Turtlebot3Result.py)
Linked: (/home/ryuzuu/SlamProject/devel/.private/turtlebot3_example/lib/python3/dist-packages/turtlebot3_example/msg/_Turtlebot3Goal.py, /home/ryuzuu/SlamProject/devel/lib/python3/dist-packages/turtlebot3_example/msg/_Turtlebot3Goal.py)
Linked: (/home/ryuzuu/SlamProject/devel/.private/turtlebot3_example/lib/python3/dist-packages/turtlebot3_example/msg/_Turtlebot3Feedback.py, /home/ryuzuu/SlamProject/devel/lib/python3/dist-packages/turtlebot3_example/msg/_Turtlebot3Feedback.py)
Linked: (/home/ryuzuu/SlamProject/devel/.private/turtlebot3_example/lib/python3/dist-packages/turtlebot3_example/msg/_Turtlebot3ActionResult.py, /home/ryuzuu/SlamProject/devel/lib/python3/dist-packages/turtlebot3_example/msg/_Turtlebot3ActionResult.py)
Linked: (/home/ryuzuu/SlamProject/devel/.private/turtlebot3_example/lib/python3/dist-packages/turtlebot3_example/msg/__init__.py, /home/ryuzuu/SlamProject/devel/lib/python3/dist-packages/turtlebot3_example/msg/__init__.py)
Linked: (/home/ryuzuu/SlamProject/devel/.private/turtlebot3_example/lib/turtlebot3_example/turtlebot3_obstacle, /home/ryuzuu/SlamProject/devel/lib/turtlebot3_example/turtlebot3_obstacle)
Linked: (/home/ryuzuu/SlamProject/devel/.private/turtlebot3_example/lib/turtlebot3_example/cmake.lock, /home/ryuzuu/SlamProject/devel/lib/turtlebot3_example/cmake.lock)
Linked: (/home/ryuzuu/SlamProject/devel/.private/turtlebot3_example/lib/turtlebot3_example/turtlebot3_marker_server, /home/ryuzuu/SlamProject/devel/lib/turtlebot3_example/turtlebot3_marker_server)
Linked: (/home/ryuzuu/SlamProject/devel/.private/turtlebot3_example/lib/turtlebot3_example/turtlebot3_pointop_key, /home/ryuzuu/SlamProject/devel/lib/turtlebot3_example/turtlebot3_pointop_key)
Linked: (/home/ryuzuu/SlamProject/devel/.private/turtlebot3_example/lib/turtlebot3_example/turtlebot3_client, /home/ryuzuu/SlamProject/devel/lib/turtlebot3_example/turtlebot3_client)
Linked: (/home/ryuzuu/SlamProject/devel/.private/turtlebot3_example/lib/turtlebot3_example/turtlebot3_cliff, /home/ryuzuu/SlamProject/devel/lib/turtlebot3_example/turtlebot3_cliff)
Linked: (/home/ryuzuu/SlamProject/devel/.private/turtlebot3_example/lib/turtlebot3_example/turtlebot3_server, /home/ryuzuu/SlamProject/devel/lib/turtlebot3_example/turtlebot3_server)
Linked: (/home/ryuzuu/SlamProject/devel/.private/turtlebot3_example/lib/turtlebot3_example/turtlebot3_illumination, /home/ryuzuu/SlamProject/devel/lib/turtlebot3_example/turtlebot3_illumination)
Linked: (/home/ryuzuu/SlamProject/devel/.private/turtlebot3_example/lib/turtlebot3_example/turtlebot3_bumper, /home/ryuzuu/SlamProject/devel/lib/turtlebot3_example/turtlebot3_bumper)
Linked: (/home/ryuzuu/SlamProject/devel/.private/turtlebot3_example/lib/turtlebot3_example/turtlebot3_sonar, /home/ryuzuu/SlamProject/devel/lib/turtlebot3_example/turtlebot3_sonar)
Linked: (/home/ryuzuu/SlamProject/devel/.private/turtlebot3_example/share/common-lisp/ros/turtlebot3_example/msg/_package.lisp, /home/ryuzuu/SlamProject/devel/share/common-lisp/ros/turtlebot3_example/msg/_package.lisp)
Linked: (/home/ryuzuu/SlamProject/devel/.private/turtlebot3_example/share/common-lisp/ros/turtlebot3_example/msg/_package_Turtlebot3ActionGoal.lisp, /home/ryuzuu/SlamProject/devel/share/common-lisp/ros/turtlebot3_example/msg/_package_Turtlebot3ActionGoal.lisp)
Linked: (/home/ryuzuu/SlamProject/devel/.private/turtlebot3_example/share/common-lisp/ros/turtlebot3_example/msg/Turtlebot3Action.lisp, /home/ryuzuu/SlamProject/devel/share/common-lisp/ros/turtlebot3_example/msg/Turtlebot3Action.lisp)
Linked: (/home/ryuzuu/SlamProject/devel/.private/turtlebot3_example/share/common-lisp/ros/turtlebot3_example/msg/_package_Turtlebot3Feedback.lisp, /home/ryuzuu/SlamProject/devel/share/common-lisp/ros/turtlebot3_example/msg/_package_Turtlebot3Feedback.lisp)
Linked: (/home/ryuzuu/SlamProject/devel/.private/turtlebot3_example/share/common-lisp/ros/turtlebot3_example/msg/Turtlebot3Goal.lisp, /home/ryuzuu/SlamProject/devel/share/common-lisp/ros/turtlebot3_example/msg/Turtlebot3Goal.lisp)
Linked: (/home/ryuzuu/SlamProject/devel/.private/turtlebot3_example/share/common-lisp/ros/turtlebot3_example/msg/Turtlebot3ActionFeedback.lisp, /home/ryuzuu/SlamProject/devel/share/common-lisp/ros/turtlebot3_example/msg/Turtlebot3ActionFeedback.lisp)
Linked: (/home/ryuzuu/SlamProject/devel/.private/turtlebot3_example/share/common-lisp/ros/turtlebot3_example/msg/Turtlebot3Result.lisp, /home/ryuzuu/SlamProject/devel/share/common-lisp/ros/turtlebot3_example/msg/Turtlebot3Result.lisp)
Linked: (/home/ryuzuu/SlamProject/devel/.private/turtlebot3_example/share/common-lisp/ros/turtlebot3_example/msg/Turtlebot3ActionGoal.lisp, /home/ryuzuu/SlamProject/devel/share/common-lisp/ros/turtlebot3_example/msg/Turtlebot3ActionGoal.lisp)
Linked: (/home/ryuzuu/SlamProject/devel/.private/turtlebot3_example/share/common-lisp/ros/turtlebot3_example/msg/_package_Turtlebot3ActionResult.lisp, /home/ryuzuu/SlamProject/devel/share/common-lisp/ros/turtlebot3_example/msg/_package_Turtlebot3ActionResult.lisp)
Linked: (/home/ryuzuu/SlamProject/devel/.private/turtlebot3_example/share/common-lisp/ros/turtlebot3_example/msg/Turtlebot3Feedback.lisp, /home/ryuzuu/SlamProject/devel/share/common-lisp/ros/turtlebot3_example/msg/Turtlebot3Feedback.lisp)
Linked: (/home/ryuzuu/SlamProject/devel/.private/turtlebot3_example/share/common-lisp/ros/turtlebot3_example/msg/Turtlebot3ActionResult.lisp, /home/ryuzuu/SlamProject/devel/share/common-lisp/ros/turtlebot3_example/msg/Turtlebot3ActionResult.lisp)
Linked: (/home/ryuzuu/SlamProject/devel/.private/turtlebot3_example/share/common-lisp/ros/turtlebot3_example/msg/_package_Turtlebot3ActionFeedback.lisp, /home/ryuzuu/SlamProject/devel/share/common-lisp/ros/turtlebot3_example/msg/_package_Turtlebot3ActionFeedback.lisp)
Linked: (/home/ryuzuu/SlamProject/devel/.private/turtlebot3_example/share/common-lisp/ros/turtlebot3_example/msg/turtlebot3_example-msg.asd, /home/ryuzuu/SlamProject/devel/share/common-lisp/ros/turtlebot3_example/msg/turtlebot3_example-msg.asd)
Linked: (/home/ryuzuu/SlamProject/devel/.private/turtlebot3_example/share/common-lisp/ros/turtlebot3_example/msg/_package_Turtlebot3Goal.lisp, /home/ryuzuu/SlamProject/devel/share/common-lisp/ros/turtlebot3_example/msg/_package_Turtlebot3Goal.lisp)
Linked: (/home/ryuzuu/SlamProject/devel/.private/turtlebot3_example/share/common-lisp/ros/turtlebot3_example/msg/_package_Turtlebot3Action.lisp, /home/ryuzuu/SlamProject/devel/share/common-lisp/ros/turtlebot3_example/msg/_package_Turtlebot3Action.lisp)
Linked: (/home/ryuzuu/SlamProject/devel/.private/turtlebot3_example/share/common-lisp/ros/turtlebot3_example/msg/_package_Turtlebot3Result.lisp, /home/ryuzuu/SlamProject/devel/share/common-lisp/ros/turtlebot3_example/msg/_package_Turtlebot3Result.lisp)
Linked: (/home/ryuzuu/SlamProject/devel/.private/turtlebot3_example/share/gennodejs/ros/turtlebot3_example/_index.js, /home/ryuzuu/SlamProject/devel/share/gennodejs/ros/turtlebot3_example/_index.js)
Linked: (/home/ryuzuu/SlamProject/devel/.private/turtlebot3_example/share/gennodejs/ros/turtlebot3_example/msg/Turtlebot3Feedback.js, /home/ryuzuu/SlamProject/devel/share/gennodejs/ros/turtlebot3_example/msg/Turtlebot3Feedback.js)
Linked: (/home/ryuzuu/SlamProject/devel/.private/turtlebot3_example/share/gennodejs/ros/turtlebot3_example/msg/_index.js, /home/ryuzuu/SlamProject/devel/share/gennodejs/ros/turtlebot3_example/msg/_index.js)
Linked: (/home/ryuzuu/SlamProject/devel/.private/turtlebot3_example/share/gennodejs/ros/turtlebot3_example/msg/Turtlebot3Action.js, /home/ryuzuu/SlamProject/devel/share/gennodejs/ros/turtlebot3_example/msg/Turtlebot3Action.js)
Linked: (/home/ryuzuu/SlamProject/devel/.private/turtlebot3_example/share/gennodejs/ros/turtlebot3_example/msg/Turtlebot3Goal.js, /home/ryuzuu/SlamProject/devel/share/gennodejs/ros/turtlebot3_example/msg/Turtlebot3Goal.js)
Linked: (/home/ryuzuu/SlamProject/devel/.private/turtlebot3_example/share/gennodejs/ros/turtlebot3_example/msg/Turtlebot3Result.js, /home/ryuzuu/SlamProject/devel/share/gennodejs/ros/turtlebot3_example/msg/Turtlebot3Result.js)
Linked: (/home/ryuzuu/SlamProject/devel/.private/turtlebot3_example/share/gennodejs/ros/turtlebot3_example/msg/Turtlebot3ActionFeedback.js, /home/ryuzuu/SlamProject/devel/share/gennodejs/ros/turtlebot3_example/msg/Turtlebot3ActionFeedback.js)
Linked: (/home/ryuzuu/SlamProject/devel/.private/turtlebot3_example/share/gennodejs/ros/turtlebot3_example/msg/Turtlebot3ActionGoal.js, /home/ryuzuu/SlamProject/devel/share/gennodejs/ros/turtlebot3_example/msg/Turtlebot3ActionGoal.js)
Linked: (/home/ryuzuu/SlamProject/devel/.private/turtlebot3_example/share/gennodejs/ros/turtlebot3_example/msg/Turtlebot3ActionResult.js, /home/ryuzuu/SlamProject/devel/share/gennodejs/ros/turtlebot3_example/msg/Turtlebot3ActionResult.js)
Linked: (/home/ryuzuu/SlamProject/devel/.private/turtlebot3_example/share/roseus/ros/turtlebot3_example/manifest.l, /home/ryuzuu/SlamProject/devel/share/roseus/ros/turtlebot3_example/manifest.l)
Linked: (/home/ryuzuu/SlamProject/devel/.private/turtlebot3_example/share/roseus/ros/turtlebot3_example/msg/Turtlebot3ActionFeedback.l, /home/ryuzuu/SlamProject/devel/share/roseus/ros/turtlebot3_example/msg/Turtlebot3ActionFeedback.l)
Linked: (/home/ryuzuu/SlamProject/devel/.private/turtlebot3_example/share/roseus/ros/turtlebot3_example/msg/Turtlebot3Result.l, /home/ryuzuu/SlamProject/devel/share/roseus/ros/turtlebot3_example/msg/Turtlebot3Result.l)
Linked: (/home/ryuzuu/SlamProject/devel/.private/turtlebot3_example/share/roseus/ros/turtlebot3_example/msg/Turtlebot3Feedback.l, /home/ryuzuu/SlamProject/devel/share/roseus/ros/turtlebot3_example/msg/Turtlebot3Feedback.l)
Linked: (/home/ryuzuu/SlamProject/devel/.private/turtlebot3_example/share/roseus/ros/turtlebot3_example/msg/Turtlebot3Action.l, /home/ryuzuu/SlamProject/devel/share/roseus/ros/turtlebot3_example/msg/Turtlebot3Action.l)
Linked: (/home/ryuzuu/SlamProject/devel/.private/turtlebot3_example/share/roseus/ros/turtlebot3_example/msg/Turtlebot3ActionResult.l, /home/ryuzuu/SlamProject/devel/share/roseus/ros/turtlebot3_example/msg/Turtlebot3ActionResult.l)
Linked: (/home/ryuzuu/SlamProject/devel/.private/turtlebot3_example/share/roseus/ros/turtlebot3_example/msg/Turtlebot3Goal.l, /home/ryuzuu/SlamProject/devel/share/roseus/ros/turtlebot3_example/msg/Turtlebot3Goal.l)
Linked: (/home/ryuzuu/SlamProject/devel/.private/turtlebot3_example/share/roseus/ros/turtlebot3_example/msg/Turtlebot3ActionGoal.l, /home/ryuzuu/SlamProject/devel/share/roseus/ros/turtlebot3_example/msg/Turtlebot3ActionGoal.l)
Linked: (/home/ryuzuu/SlamProject/devel/.private/turtlebot3_example/share/turtlebot3_example/cmake/turtlebot3_exampleConfig.cmake, /home/ryuzuu/SlamProject/devel/share/turtlebot3_example/cmake/turtlebot3_exampleConfig.cmake)
Linked: (/home/ryuzuu/SlamProject/devel/.private/turtlebot3_example/share/turtlebot3_example/cmake/turtlebot3_example-msg-paths.cmake, /home/ryuzuu/SlamProject/devel/share/turtlebot3_example/cmake/turtlebot3_example-msg-paths.cmake)
Linked: (/home/ryuzuu/SlamProject/devel/.private/turtlebot3_example/share/turtlebot3_example/cmake/turtlebot3_example-msg-extras.cmake, /home/ryuzuu/SlamProject/devel/share/turtlebot3_example/cmake/turtlebot3_example-msg-extras.cmake)
Linked: (/home/ryuzuu/SlamProject/devel/.private/turtlebot3_example/share/turtlebot3_example/cmake/turtlebot3_exampleConfig-version.cmake, /home/ryuzuu/SlamProject/devel/share/turtlebot3_example/cmake/turtlebot3_exampleConfig-version.cmake)
Linked: (/home/ryuzuu/SlamProject/devel/.private/turtlebot3_example/share/turtlebot3_example/msg/Turtlebot3ActionResult.msg, /home/ryuzuu/SlamProject/devel/share/turtlebot3_example/msg/Turtlebot3ActionResult.msg)
Linked: (/home/ryuzuu/SlamProject/devel/.private/turtlebot3_example/share/turtlebot3_example/msg/Turtlebot3Goal.msg, /home/ryuzuu/SlamProject/devel/share/turtlebot3_example/msg/Turtlebot3Goal.msg)
Linked: (/home/ryuzuu/SlamProject/devel/.private/turtlebot3_example/share/turtlebot3_example/msg/Turtlebot3Result.msg, /home/ryuzuu/SlamProject/devel/share/turtlebot3_example/msg/Turtlebot3Result.msg)
Linked: (/home/ryuzuu/SlamProject/devel/.private/turtlebot3_example/share/turtlebot3_example/msg/Turtlebot3Action.msg, /home/ryuzuu/SlamProject/devel/share/turtlebot3_example/msg/Turtlebot3Action.msg)
Linked: (/home/ryuzuu/SlamProject/devel/.private/turtlebot3_example/share/turtlebot3_example/msg/Turtlebot3Feedback.msg, /home/ryuzuu/SlamProject/devel/share/turtlebot3_example/msg/Turtlebot3Feedback.msg)
Linked: (/home/ryuzuu/SlamProject/devel/.private/turtlebot3_example/share/turtlebot3_example/msg/Turtlebot3ActionGoal.msg, /home/ryuzuu/SlamProject/devel/share/turtlebot3_example/msg/Turtlebot3ActionGoal.msg)
Linked: (/home/ryuzuu/SlamProject/devel/.private/turtlebot3_example/share/turtlebot3_example/msg/Turtlebot3ActionFeedback.msg, /home/ryuzuu/SlamProject/devel/share/turtlebot3_example/msg/Turtlebot3ActionFeedback.msg)
Linked: (/home/ryuzuu/SlamProject/devel/.private/turtlebot3_example/include/turtlebot3_example/Turtlebot3Action.h, /home/ryuzuu/SlamProject/devel/include/turtlebot3_example/Turtlebot3Action.h)
Linked: (/home/ryuzuu/SlamProject/devel/.private/turtlebot3_example/include/turtlebot3_example/Turtlebot3ActionGoal.h, /home/ryuzuu/SlamProject/devel/include/turtlebot3_example/Turtlebot3ActionGoal.h)
Linked: (/home/ryuzuu/SlamProject/devel/.private/turtlebot3_example/include/turtlebot3_example/Turtlebot3ActionResult.h, /home/ryuzuu/SlamProject/devel/include/turtlebot3_example/Turtlebot3ActionResult.h)
Linked: (/home/ryuzuu/SlamProject/devel/.private/turtlebot3_example/include/turtlebot3_example/Turtlebot3ActionFeedback.h, /home/ryuzuu/SlamProject/devel/include/turtlebot3_example/Turtlebot3ActionFeedback.h)
Linked: (/home/ryuzuu/SlamProject/devel/.private/turtlebot3_example/include/turtlebot3_example/Turtlebot3Feedback.h, /home/ryuzuu/SlamProject/devel/include/turtlebot3_example/Turtlebot3Feedback.h)
Linked: (/home/ryuzuu/SlamProject/devel/.private/turtlebot3_example/include/turtlebot3_example/Turtlebot3Result.h, /home/ryuzuu/SlamProject/devel/include/turtlebot3_example/Turtlebot3Result.h)
Linked: (/home/ryuzuu/SlamProject/devel/.private/turtlebot3_example/include/turtlebot3_example/Turtlebot3Goal.h, /home/ryuzuu/SlamProject/devel/include/turtlebot3_example/Turtlebot3Goal.h)
