Symlinking /home/ryuzuu/SlamProject/devel/lib/libtrajectory_planner_ros.so
Symlinking /home/ryuzuu/SlamProject/devel/lib/libbase_local_planner.so
Symlinking /home/ryuzuu/SlamProject/devel/lib/pkgconfig/base_local_planner.pc
Symlinking /home/ryuzuu/SlamProject/devel/lib/base_local_planner/point_grid
Symlinking /home/ryuzuu/SlamProject/devel/lib/python3/dist-packages/local_planner_limits/__init__.py
Symlinking /home/ryuzuu/SlamProject/devel/lib/python3/dist-packages/base_local_planner/__init__.py
Symlinking /home/ryuzuu/SlamProject/devel/lib/python3/dist-packages/base_local_planner/msg/_Position2DInt.py
Symlinking /home/ryuzuu/SlamProject/devel/lib/python3/dist-packages/base_local_planner/msg/__init__.py
Symlinking /home/ryuzuu/SlamProject/devel/lib/python3/dist-packages/base_local_planner/cfg/BaseLocalPlannerConfig.py
Symlinking /home/ryuzuu/SlamProject/devel/lib/python3/dist-packages/base_local_planner/cfg/__init__.py
Symlinking /home/ryuzuu/SlamProject/devel/share/common-lisp/ros/base_local_planner/msg/_package.lisp
Symlinking /home/ryuzuu/SlamProject/devel/share/common-lisp/ros/base_local_planner/msg/base_local_planner-msg.asd
Symlinking /home/ryuzuu/SlamProject/devel/share/common-lisp/ros/base_local_planner/msg/Position2DInt.lisp
Symlinking /home/ryuzuu/SlamProject/devel/share/common-lisp/ros/base_local_planner/msg/_package_Position2DInt.lisp
Symlinking /home/ryuzuu/SlamProject/devel/share/gennodejs/ros/base_local_planner/_index.js
Symlinking /home/ryuzuu/SlamProject/devel/share/gennodejs/ros/base_local_planner/msg/_index.js
Symlinking /home/ryuzuu/SlamProject/devel/share/gennodejs/ros/base_local_planner/msg/Position2DInt.js
Symlinking /home/ryuzuu/SlamProject/devel/share/roseus/ros/base_local_planner/manifest.l
Symlinking /home/ryuzuu/SlamProject/devel/share/roseus/ros/base_local_planner/msg/Position2DInt.l
Symlinking /home/ryuzuu/SlamProject/devel/share/base_local_planner/docs/BaseLocalPlannerConfig.wikidoc
Symlinking /home/ryuzuu/SlamProject/devel/share/base_local_planner/docs/BaseLocalPlannerConfig-usage.dox
Symlinking /home/ryuzuu/SlamProject/devel/share/base_local_planner/docs/BaseLocalPlannerConfig.dox
Symlinking /home/ryuzuu/SlamProject/devel/share/base_local_planner/cmake/base_local_planner-msg-extras.cmake
Symlinking /home/ryuzuu/SlamProject/devel/share/base_local_planner/cmake/base_local_planner-msg-paths.cmake
Symlinking /home/ryuzuu/SlamProject/devel/share/base_local_planner/cmake/base_local_plannerConfig-version.cmake
Symlinking /home/ryuzuu/SlamProject/devel/share/base_local_planner/cmake/base_local_plannerConfig.cmake
Symlinking /home/ryuzuu/SlamProject/devel/include/base_local_planner/BaseLocalPlannerConfig.h
Symlinking /home/ryuzuu/SlamProject/devel/include/base_local_planner/Position2DInt.h
